
==================== m = 1 ====================
[B0] DISCLOSED: 'falsifiers.DIST_RANK (F-METRIC triple construction)' was revised after a synthetic_only peek (no floor moved: True)
[B0] DISCLOSED: 'falsifiers.f_degrade pass criterion' was revised after a synthetic_only peek (no floor moved: True)
[B0] DISCLOSED: 'training epochs (default)' was revised after a synthetic_only peek (no floor moved: True)
[B0] lexicon: glove.6B.300d.txt  N=500  d=300 synthetic=False
      note: monosemous_common_noun_wordnet: 1877/18350 kept (dropped 14767 polysemous, 856 non-noun, 850 proper-noun instances)
      note: rank window [200, 20000)
[B0] measuring perceptual weights per free parameter (m=1) ...
[B0] calibrating JND from same-meaning noisy renders ...
[B0] measuring channel capacity through render+noise+re-extract ...
[B0] triple difficulty: positive d=0.5809 distractor d=0.7258 gap=0.1450 (25.0% of positive distance)
[B0]   phi_learned ...
         2AFC=0.580 [0.565,0.595]  P@5=0.125  coarse=0.764  collide=0.0333  rt=0.066  (53.9s)
[B0]   roundtrip_only_phi ...
         2AFC=0.616 [0.601,0.631]  P@5=0.138  coarse=0.785  collide=0.0352  rt=0.064  (46.4s)
[B0]   pca_2d_render ...
         2AFC=0.546 [0.530,0.561]  P@5=0.032  coarse=0.693  collide=0.0361  rt=n/a  (8.8s)
[B0]   umap_2d_render ...
C:\Program Files\Python313\Lib\site-packages\umap\umap_.py:1952: UserWarning: n_jobs value 1 overridden to 1 by setting random_state. Use no seed for parallelism.
  warn(
         2AFC=0.690 [0.675,0.703]  P@5=0.096  coarse=0.874  collide=0.0431  rt=n/a  (19.6s)
[B0]   discrete_code_matched_bits ...
         2AFC=0.569 [0.553,0.584]  P@5=0.103  coarse=0.748  collide=0.0535  rt=0.036  (11.0s)
[B0]   discrete_semantic_ordered ...
         2AFC=0.565 [0.549,0.580]  P@5=0.072  coarse=0.753  collide=0.1157  rt=0.036  (9.0s)
[B0] wrote results\b0_real_m1_n500.json  (175.9s)
  -> cleared 1/6   f_metric_absolute=n f_metric_margin=n f_metric_precision=n f_collision=n f_roundtrip=n f_degrade=Y

==================== m = 2 ====================
[B0] DISCLOSED: 'falsifiers.DIST_RANK (F-METRIC triple construction)' was revised after a synthetic_only peek (no floor moved: True)
[B0] DISCLOSED: 'falsifiers.f_degrade pass criterion' was revised after a synthetic_only peek (no floor moved: True)
[B0] DISCLOSED: 'training epochs (default)' was revised after a synthetic_only peek (no floor moved: True)
[B0] lexicon: glove.6B.300d.txt  N=500  d=300 synthetic=False
      note: monosemous_common_noun_wordnet: 1877/18350 kept (dropped 14767 polysemous, 856 non-noun, 850 proper-noun instances)
      note: rank window [200, 20000)
[B0] measuring perceptual weights per free parameter (m=2) ...
[B0] calibrating JND from same-meaning noisy renders ...
[B0] measuring channel capacity through render+noise+re-extract ...
[B0] triple difficulty: positive d=0.5809 distractor d=0.7258 gap=0.1450 (25.0% of positive distance)
[B0]   phi_learned ...
         2AFC=0.701 [0.687,0.715]  P@5=0.337  coarse=0.909  collide=0.0004  rt=0.986  (66.1s)
[B0]   roundtrip_only_phi ...
         2AFC=0.678 [0.664,0.693]  P@5=0.236  coarse=0.808  collide=0.0000  rt=0.996  (57.8s)
[B0]   pca_2d_render ...
         2AFC=0.567 [0.551,0.583]  P@5=0.056  coarse=0.729  collide=0.0055  rt=n/a  (8.9s)
[B0]   umap_2d_render ...
C:\Program Files\Python313\Lib\site-packages\umap\umap_.py:1952: UserWarning: n_jobs value 1 overridden to 1 by setting random_state. Use no seed for parallelism.
  warn(
         2AFC=0.720 [0.707,0.735]  P@5=0.338  coarse=0.903  collide=0.0084  rt=n/a  (9.5s)
[B0]   discrete_code_matched_bits ...
         2AFC=0.583 [0.568,0.599]  P@5=0.079  coarse=0.760  collide=0.0824  rt=0.026  (8.7s)
[B0]   discrete_semantic_ordered ...
         2AFC=0.587 [0.572,0.602]  P@5=0.072  coarse=0.754  collide=0.0890  rt=0.026  (9.1s)
[B0] wrote results\b0_real_m2_n500.json  (167.4s)
  -> cleared 2/6   f_metric_absolute=n f_metric_margin=n f_metric_precision=n f_collision=Y f_roundtrip=Y f_degrade=n

==================== m = 3 ====================
[B0] DISCLOSED: 'falsifiers.DIST_RANK (F-METRIC triple construction)' was revised after a synthetic_only peek (no floor moved: True)
[B0] DISCLOSED: 'falsifiers.f_degrade pass criterion' was revised after a synthetic_only peek (no floor moved: True)
[B0] DISCLOSED: 'training epochs (default)' was revised after a synthetic_only peek (no floor moved: True)
[B0] lexicon: glove.6B.300d.txt  N=500  d=300 synthetic=False
      note: monosemous_common_noun_wordnet: 1877/18350 kept (dropped 14767 polysemous, 856 non-noun, 850 proper-noun instances)
      note: rank window [200, 20000)
[B0] measuring perceptual weights per free parameter (m=3) ...
[B0] calibrating JND from same-meaning noisy renders ...
[B0] measuring channel capacity through render+noise+re-extract ...
[B0] triple difficulty: positive d=0.5809 distractor d=0.7258 gap=0.1450 (25.0% of positive distance)
[B0]   phi_learned ...
         2AFC=0.735 [0.722,0.749]  P@5=0.398  coarse=0.943  collide=0.0000  rt=0.998  (65.6s)
[B0]   roundtrip_only_phi ...
         2AFC=0.651 [0.636,0.665]  P@5=0.199  coarse=0.767  collide=0.0000  rt=1.000  (38.1s)
[B0]   pca_2d_render ...
         2AFC=0.568 [0.553,0.584]  P@5=0.059  coarse=0.744  collide=0.0046  rt=n/a  (9.7s)
[B0]   umap_2d_render ...
C:\Program Files\Python313\Lib\site-packages\umap\umap_.py:1952: UserWarning: n_jobs value 1 overridden to 1 by setting random_state. Use no seed for parallelism.
  warn(
         2AFC=0.706 [0.692,0.720]  P@5=0.303  coarse=0.897  collide=0.0072  rt=n/a  (9.3s)
[B0]   discrete_code_matched_bits ...
         2AFC=0.608 [0.593,0.623]  P@5=0.137  coarse=0.772  collide=0.0361  rt=0.052  (9.3s)
[B0]   discrete_semantic_ordered ...
         2AFC=0.621 [0.606,0.637]  P@5=0.131  coarse=0.797  collide=0.0429  rt=0.052  (8.9s)
[B0] wrote results\b0_real_m3_n500.json  (148.7s)
  -> cleared 2/6   f_metric_absolute=n f_metric_margin=n f_metric_precision=n f_collision=Y f_roundtrip=Y f_degrade=n

==================== m = 4 ====================
[B0] DISCLOSED: 'falsifiers.DIST_RANK (F-METRIC triple construction)' was revised after a synthetic_only peek (no floor moved: True)
[B0] DISCLOSED: 'falsifiers.f_degrade pass criterion' was revised after a synthetic_only peek (no floor moved: True)
[B0] DISCLOSED: 'training epochs (default)' was revised after a synthetic_only peek (no floor moved: True)
[B0] lexicon: glove.6B.300d.txt  N=500  d=300 synthetic=False
      note: monosemous_common_noun_wordnet: 1877/18350 kept (dropped 14767 polysemous, 856 non-noun, 850 proper-noun instances)
      note: rank window [200, 20000)
[B0] measuring perceptual weights per free parameter (m=4) ...
[B0] calibrating JND from same-meaning noisy renders ...
[B0] measuring channel capacity through render+noise+re-extract ...
[B0] triple difficulty: positive d=0.5809 distractor d=0.7258 gap=0.1450 (25.0% of positive distance)
[B0]   phi_learned ...
         2AFC=0.729 [0.715,0.743]  P@5=0.358  coarse=0.929  collide=0.0000  rt=0.998  (71.8s)
[B0]   roundtrip_only_phi ...
         2AFC=0.649 [0.634,0.663]  P@5=0.199  coarse=0.758  collide=0.0000  rt=0.998  (37.7s)
[B0]   pca_2d_render ...
         2AFC=0.555 [0.539,0.571]  P@5=0.058  coarse=0.730  collide=0.0047  rt=n/a  (9.0s)
[B0]   umap_2d_render ...
C:\Program Files\Python313\Lib\site-packages\umap\umap_.py:1952: UserWarning: n_jobs value 1 overridden to 1 by setting random_state. Use no seed for parallelism.
  warn(
         2AFC=0.718 [0.703,0.732]  P@5=0.325  coarse=0.907  collide=0.0068  rt=n/a  (10.1s)
[B0]   discrete_code_matched_bits ...
         2AFC=0.595 [0.580,0.610]  P@5=0.105  coarse=0.742  collide=0.0464  rt=0.040  (10.0s)
[B0]   discrete_semantic_ordered ...
         2AFC=0.600 [0.586,0.616]  P@5=0.095  coarse=0.760  collide=0.0532  rt=0.040  (9.8s)
[B0] wrote results\b0_real_m4_n500.json  (156.4s)
  -> cleared 2/6   f_metric_absolute=n f_metric_margin=n f_metric_precision=n f_collision=Y f_roundtrip=Y f_degrade=n

==================== m = 5 ====================
[B0] DISCLOSED: 'falsifiers.DIST_RANK (F-METRIC triple construction)' was revised after a synthetic_only peek (no floor moved: True)
[B0] DISCLOSED: 'falsifiers.f_degrade pass criterion' was revised after a synthetic_only peek (no floor moved: True)
[B0] DISCLOSED: 'training epochs (default)' was revised after a synthetic_only peek (no floor moved: True)
[B0] lexicon: glove.6B.300d.txt  N=500  d=300 synthetic=False
      note: monosemous_common_noun_wordnet: 1877/18350 kept (dropped 14767 polysemous, 856 non-noun, 850 proper-noun instances)
      note: rank window [200, 20000)
[B0] measuring perceptual weights per free parameter (m=5) ...
[B0] calibrating JND from same-meaning noisy renders ...
[B0] measuring channel capacity through render+noise+re-extract ...
[B0] triple difficulty: positive d=0.5809 distractor d=0.7258 gap=0.1450 (25.0% of positive distance)
[B0]   phi_learned ...
         2AFC=0.712 [0.698,0.726]  P@5=0.342  coarse=0.921  collide=0.0000  rt=1.000  (83.3s)
[B0]   roundtrip_only_phi ...
         2AFC=0.638 [0.624,0.653]  P@5=0.202  coarse=0.754  collide=0.0000  rt=1.000  (35.9s)
[B0]   pca_2d_render ...
         2AFC=0.556 [0.541,0.573]  P@5=0.058  coarse=0.729  collide=0.0047  rt=n/a  (7.9s)
[B0]   umap_2d_render ...
C:\Program Files\Python313\Lib\site-packages\umap\umap_.py:1952: UserWarning: n_jobs value 1 overridden to 1 by setting random_state. Use no seed for parallelism.
  warn(
         2AFC=0.716 [0.702,0.731]  P@5=0.329  coarse=0.903  collide=0.0076  rt=n/a  (9.1s)
[B0]   discrete_code_matched_bits ...
         2AFC=0.636 [0.621,0.651]  P@5=0.256  coarse=0.761  collide=0.0186  rt=0.108  (9.1s)
[B0]   discrete_semantic_ordered ...
         2AFC=0.635 [0.621,0.650]  P@5=0.238  coarse=0.778  collide=0.0310  rt=0.108  (8.4s)
[B0] wrote results\b0_real_m5_n500.json  (162.3s)
  -> cleared 2/6   f_metric_absolute=n f_metric_margin=n f_metric_precision=n f_collision=Y f_roundtrip=Y f_degrade=n

==================== m = 6 ====================
[B0] DISCLOSED: 'falsifiers.DIST_RANK (F-METRIC triple construction)' was revised after a synthetic_only peek (no floor moved: True)
[B0] DISCLOSED: 'falsifiers.f_degrade pass criterion' was revised after a synthetic_only peek (no floor moved: True)
[B0] DISCLOSED: 'training epochs (default)' was revised after a synthetic_only peek (no floor moved: True)
[B0] lexicon: glove.6B.300d.txt  N=500  d=300 synthetic=False
      note: monosemous_common_noun_wordnet: 1877/18350 kept (dropped 14767 polysemous, 856 non-noun, 850 proper-noun instances)
      note: rank window [200, 20000)
[B0] measuring perceptual weights per free parameter (m=6) ...
[B0] calibrating JND from same-meaning noisy renders ...
[B0] measuring channel capacity through render+noise+re-extract ...
[B0] triple difficulty: positive d=0.5809 distractor d=0.7258 gap=0.1450 (25.0% of positive distance)
[B0]   phi_learned ...
         2AFC=0.733 [0.720,0.747]  P@5=0.311  coarse=0.928  collide=0.0000  rt=0.998  (87.0s)
[B0]   roundtrip_only_phi ...
         2AFC=0.600 [0.585,0.615]  P@5=0.169  coarse=0.724  collide=0.0000  rt=1.000  (37.0s)
[B0]   pca_2d_render ...
         2AFC=0.571 [0.555,0.586]  P@5=0.059  coarse=0.759  collide=0.0030  rt=n/a  (8.5s)
[B0]   umap_2d_render ...
C:\Program Files\Python313\Lib\site-packages\umap\umap_.py:1952: UserWarning: n_jobs value 1 overridden to 1 by setting random_state. Use no seed for parallelism.
  warn(
         2AFC=0.720 [0.707,0.734]  P@5=0.340  coarse=0.900  collide=0.0052  rt=n/a  (9.1s)
[B0]   discrete_code_matched_bits ...
         2AFC=0.655 [0.640,0.670]  P@5=0.318  coarse=0.771  collide=0.0142  rt=0.128  (8.6s)
[B0]   discrete_semantic_ordered ...
         2AFC=0.651 [0.635,0.665]  P@5=0.297  coarse=0.778  collide=0.0201  rt=0.128  (8.8s)
[B0] wrote results\b0_real_m6_n500.json  (167.5s)
  -> cleared 2/6   f_metric_absolute=n f_metric_margin=n f_metric_precision=n f_collision=Y f_roundtrip=Y f_degrade=n

==================== m = 8 ====================
[B0] DISCLOSED: 'falsifiers.DIST_RANK (F-METRIC triple construction)' was revised after a synthetic_only peek (no floor moved: True)
[B0] DISCLOSED: 'falsifiers.f_degrade pass criterion' was revised after a synthetic_only peek (no floor moved: True)
[B0] DISCLOSED: 'training epochs (default)' was revised after a synthetic_only peek (no floor moved: True)
[B0] lexicon: glove.6B.300d.txt  N=500  d=300 synthetic=False
      note: monosemous_common_noun_wordnet: 1877/18350 kept (dropped 14767 polysemous, 856 non-noun, 850 proper-noun instances)
      note: rank window [200, 20000)
[B0] measuring perceptual weights per free parameter (m=8) ...
[B0] calibrating JND from same-meaning noisy renders ...
[B0] measuring channel capacity through render+noise+re-extract ...
[B0] triple difficulty: positive d=0.5809 distractor d=0.7258 gap=0.1450 (25.0% of positive distance)
[B0]   phi_learned ...
         2AFC=0.722 [0.708,0.736]  P@5=0.314  coarse=0.911  collide=0.0000  rt=1.000  (104.4s)
[B0]   roundtrip_only_phi ...
         2AFC=0.641 [0.627,0.656]  P@5=0.202  coarse=0.763  collide=0.0000  rt=1.000  (41.3s)
[B0]   pca_2d_render ...
         2AFC=0.565 [0.549,0.580]  P@5=0.061  coarse=0.746  collide=0.0028  rt=n/a  (8.7s)
[B0]   umap_2d_render ...
C:\Program Files\Python313\Lib\site-packages\umap\umap_.py:1952: UserWarning: n_jobs value 1 overridden to 1 by setting random_state. Use no seed for parallelism.
  warn(
         2AFC=0.718 [0.705,0.732]  P@5=0.338  coarse=0.903  collide=0.0047  rt=n/a  (9.6s)
[B0]   discrete_code_matched_bits ...
         2AFC=0.698 [0.683,0.712]  P@5=0.375  coarse=0.767  collide=0.0072  rt=0.226  (9.3s)
[B0]   discrete_semantic_ordered ...
         2AFC=0.700 [0.686,0.714]  P@5=0.307  coarse=0.789  collide=0.0170  rt=0.226  (10.1s)
[B0] wrote results\b0_real_m8_n500.json  (192.8s)
  -> cleared 2/6   f_metric_absolute=n f_metric_margin=n f_metric_precision=n f_collision=Y f_roundtrip=Y f_degrade=n

==================== m = 10 ====================
[B0] DISCLOSED: 'falsifiers.DIST_RANK (F-METRIC triple construction)' was revised after a synthetic_only peek (no floor moved: True)
[B0] DISCLOSED: 'falsifiers.f_degrade pass criterion' was revised after a synthetic_only peek (no floor moved: True)
[B0] DISCLOSED: 'training epochs (default)' was revised after a synthetic_only peek (no floor moved: True)
[B0] lexicon: glove.6B.300d.txt  N=500  d=300 synthetic=False
      note: monosemous_common_noun_wordnet: 1877/18350 kept (dropped 14767 polysemous, 856 non-noun, 850 proper-noun instances)
      note: rank window [200, 20000)
[B0] measuring perceptual weights per free parameter (m=10) ...
[B0] calibrating JND from same-meaning noisy renders ...
[B0] measuring channel capacity through render+noise+re-extract ...
[B0] triple difficulty: positive d=0.5809 distractor d=0.7258 gap=0.1450 (25.0% of positive distance)
[B0]   phi_learned ...
         2AFC=0.717 [0.703,0.730]  P@5=0.342  coarse=0.928  collide=0.0000  rt=1.000  (145.3s)
[B0]   roundtrip_only_phi ...
         2AFC=0.625 [0.610,0.641]  P@5=0.187  coarse=0.742  collide=0.0000  rt=1.000  (43.3s)
[B0]   pca_2d_render ...
         2AFC=0.565 [0.549,0.580]  P@5=0.060  coarse=0.737  collide=0.0030  rt=n/a  (8.9s)
[B0]   umap_2d_render ...
C:\Program Files\Python313\Lib\site-packages\umap\umap_.py:1952: UserWarning: n_jobs value 1 overridden to 1 by setting random_state. Use no seed for parallelism.
  warn(
         2AFC=0.715 [0.702,0.729]  P@5=0.333  coarse=0.900  collide=0.0050  rt=n/a  (9.2s)
[B0]   discrete_code_matched_bits ...
         2AFC=0.700 [0.685,0.714]  P@5=0.352  coarse=0.737  collide=0.0054  rt=0.308  (9.3s)
[B0]   discrete_semantic_ordered ...
         2AFC=0.707 [0.693,0.721]  P@5=0.264  coarse=0.800  collide=0.0195  rt=0.308  (10.6s)
[B0] wrote results\b0_real_m10_n500.json  (237.1s)
  -> cleared 2/6   f_metric_absolute=n f_metric_margin=n f_metric_precision=n f_collision=Y f_roundtrip=Y f_degrade=n

========================================================
B1 VERDICT: NO_OPERATING_POINT
  m_operating = 2  (2/6 floors cleared)
    SHORTFALL: f_metric_absolute
    SHORTFALL: f_metric_margin
    SHORTFALL: f_metric_precision
    SHORTFALL: f_degrade
  Per M-PARETO this is a legitimate outcome, not a setback to tune away: no single frozen phi clears every floor at any resolution.
  -> results\b1_frontier.json
